 09/09/19 14:59 >>>>> Assemblage du fichier U:/Desktop/TDSimKaaL/td3.asm

  adresse	| code	| source
  -------	| ----	| --------------------------
       	|     	|                          
   0000	| A01D	|  ..........JMP	DEBUT
       	|     	|                          
   000A	| 000E	|  TAILLE:...CST	14
   000B	| 0053	|  MSG:......CST	83
   000C	| 0049	|  ..........CST	73
   000D	| 004D	|  ..........CST	77
   000E	| 004B	|  ..........CST	75
   000F	| 0041	|  ..........CST	65
   0010	| 0041	|  ..........CST	65
   0011	| 004C	|  ..........CST	76
   0012	| 0020	|  ..........CST	32
   0013	| 0049	|  ..........CST	73
   0014	| 0045	|  ..........CST	69
   0015	| 004E	|  ..........CST	78
   0016	| 0041	|  ..........CST	65
   0017	| 0043	|  ..........CST	67
   0018	| 0020	|  ..........CST	32
       	|     	|                          
   001E	| B002	|  DEBUT:....LDR	R0,2
   001F	| 5FF5	|  ..........STR	[MODE],R0
   0020	| B00B	|  BINF:.....LDR	R0,MSG
   0021	| D040	|  ..........LDR	R4,R0
   0022	| 200A	|  ..........LDR	R2,[TAILLE]
   0023	| 0FF5	|  BCLE:.....LDR	R0,[ETAT]
   0024	| D010	|  ..........LDR	R1,R0
   0025	| B002	|  ..........LDR	R0,2
   0026	| F110	|  ..........AND	R1,R1R0
   0027	| AF05	|  ..........JZ	BCLE
   0028	| C040	|  ..........LDR	R0,[R4]
   0029	| 5FF4	|  ..........STR	[TX],R0
   002A	| FE14	|  ..........INC	R4
   002B	| FE22	|  ..........DEC	R2
   002C	| AD0A	|  ..........JNZ	BCLE
   002D	| A20E	|  ..........JMP	BINF

__________________________________________________________________

 Table des equivalences
 TX        0FF4
 MODE      0FF5
 ETAT      0FF5

__________________________________________________________________

 Table des symboles
 TAILLE    000A
 MSG       000B
 DEBUT     001E
 BINF      0020
 BCLE      0023
