
Fichier 'LST' issue du fichier 'ASM' : 
/home/majdikali/Desktop/ENAC/SITA23/SITA23/SPP/td2_2.asm

-------------------------------------------------------------------------------------
| Adresse  |  Code  |  Ligne |       Label          |     Instruction      |  Type  |
-------------------------------------------------------------------------------------
|   0000   |  A213  |     3  |                      | jmp debut            | I      |
|   0001   |  FFFF  |        |                      | FFFF                 | D      |
|   0002   |  FFFF  |        |                      | FFFF                 | D      |
|   0003   |  FFFF  |        |                      | FFFF                 | D      |
|   0004   |  FFFF  |        |                      | FFFF                 | D      |
|   0005   |  FFFF  |        |                      | FFFF                 | D      |
|   0006   |  FFFF  |        |                      | FFFF                 | D      |
|   0007   |  FFFF  |        |                      | FFFF                 | D      |
|   0008   |  0001  |        |              nombre1 | 0001                 | D      |
|   0009   |  0002  |        |              nombre2 | 0002                 | D      |
|   000A   |  0003  |        |              nombre3 | 0003                 | D      |
|   000B   |  0004  |        |                 mult | 0004                 | D      |
|   000C   |  FFFF  |        |            resultat1 | FFFF                 | D      |
|   000D   |  FFFF  |        |            resultat2 | FFFF                 | D      |
|   000E   |  FFFF  |        |            resultat3 | FFFF                 | D      |
|   000F   |  FFFF  |        |                      | FFFF                 | D      |
|   0010   |  FFFF  |        |                      | FFFF                 | D      |
|   0011   |  FFFF  |        |                      | FFFF                 | D      |
|   0012   |  FFFF  |        |                      | FFFF                 | D      |
|   0013   |  FFFF  |        |                      | FFFF                 | D      |
|   0014   |  1008  |    16  |                debut | ldr r1, [nombre1]    | I      |
|   0015   |  200B  |    17  |                      | ldr r2, [mult]       | I      |
|   0016   |  A609  |    18  |                      | call multiplication  | I      |
|   0017   |  500C  |    19  |                      | str [resultat1], r0  | I      |
|   0018   |  1009  |    21  |                      | ldr r1, [nombre2]    | I      |
|   0019   |  200B  |    22  |                      | ldr r2, [mult]       | I      |
|   001A   |  A605  |    23  |                      | call multiplication  | I      |
|   001B   |  500D  |    24  |                      | str [resultat2], r0  | I      |
|   001C   |  100A  |    26  |                      | ldr r1, [nombre3]    | I      |
|   001D   |  200B  |    27  |                      | ldr r2, [mult]       | I      |
|   001E   |  A601  |    28  |                      | call multiplication  | I      |
|   001F   |  500E  |    29  |                      | str [resultat3], r0  | I      |
|   0020   |  C254  |    31  |       multiplication | push r4              | I      |
|   0021   |  B000  |    32  |                      | ldr r0, 0            | I      |
|   0022   |  E010  |    33  |               boucle | add r0, r1r0         | I      |
|   0023   |  FE22  |    34  |                      | dec r2               | I      |
|   0024   |  ACFD  |    35  |                      | jnz boucle           | I      |
|   0025   |  C054  |    36  |                      | pop r4               | I      |
|   0026   |  C057  |    37  |                      | ret                  | I      |
-------------------------------------------------------------------------------------

Table des Etiquettes :
----------------------
nombre1              --> 0x0008
nombre2              --> 0x0009
nombre3              --> 0x000A
mult                 --> 0x000B
resultat1            --> 0x000C
resultat2            --> 0x000D
resultat3            --> 0x000E
debut                --> 0x0014
multiplication       --> 0x0020
boucle               --> 0x0022

Table des Symboles :
--------------------
val_debut            --> 0

Informations de creation issues de la compilation :
----------------------------------------------------
IP_Address                 :10.1.105.162
Host_Name                  :Majdikali
TAG_UID pour fichier 'asm' :7cde2ec66d713d991f9978760ad8b1c0ed99f9d85269c1ae89c2213a2ee1731f--date :Sun, 22 Sep 2024 23:44:54.431501--taille :674
TAG_UID pour fichier 'sim' :ac2bada2e35d83363010a25056ed888e451d07faf2515a43842ac68827ba9546--date :Sun, 22 Sep 2024 23:45:00.3876014--taille :194
TAG_UID pour fichier 'lst' :515187367acbf2a97a2d63157378b921bd42ad1028fc700e28f394cba1cc14d6--date :Sun, 22 Sep 2024 23:45:00.3876014--taille :4233
----------------------------------------------------
