
Fichier 'LST' issue du fichier 'ASM' : 
/home/majdikali/Desktop/ENAC/SITA23/SITA23/SPP/td2_2.asm

-------------------------------------------------------------------------------------
| Adresse  |  Code  |  Ligne |       Label          |     Instruction      |  Type  |
-------------------------------------------------------------------------------------
|   0000   |  A227  |     3  |                      | jmp debut            | I      |
|   0001   |  FFFF  |        |                      | FFFF                 | D      |
|   0002   |  FFFF  |        |                      | FFFF                 | D      |
|   0003   |  FFFF  |        |                      | FFFF                 | D      |
|   0004   |  FFFF  |        |                      | FFFF                 | D      |
|   0005   |  FFFF  |        |                      | FFFF                 | D      |
|   0006   |  FFFF  |        |                      | FFFF                 | D      |
|   0007   |  FFFF  |        |                      | FFFF                 | D      |
|   0008   |  0001  |        |              nombre1 | 0001                 | D      |
|   0009   |  0002  |        |              nombre2 | 0002                 | D      |
|   000A   |  0003  |        |              nombre3 | 0003                 | D      |
|   000B   |  0004  |        |                 mult | 0004                 | D      |
|   000C   |  FFFF  |        |            resultat1 | FFFF                 | D      |
|   000D   |  FFFF  |        |            resultat2 | FFFF                 | D      |
|   000E   |  FFFF  |        |            resultat3 | FFFF                 | D      |
|   000F   |  FFFF  |        |                      | FFFF                 | D      |
|   0010   |  FFFF  |        |                      | FFFF                 | D      |
|   0011   |  FFFF  |        |                      | FFFF                 | D      |
|   0012   |  FFFF  |        |                      | FFFF                 | D      |
|   0013   |  FFFF  |        |                      | FFFF                 | D      |
|   0014   |  FFFF  |        |           stack_base | FFFF                 | D      |
|   0015   |  FFFF  |        |                      | FFFF                 | D      |
|   0016   |  FFFF  |        |                      | FFFF                 | D      |
|   0017   |  FFFF  |        |                      | FFFF                 | D      |
|   0018   |  FFFF  |        |                      | FFFF                 | D      |
|   0019   |  FFFF  |        |                      | FFFF                 | D      |
|   001A   |  FFFF  |        |                      | FFFF                 | D      |
|   001B   |  FFFF  |        |                      | FFFF                 | D      |
|   001C   |  FFFF  |        |                      | FFFF                 | D      |
|   001D   |  FFFF  |        |                      | FFFF                 | D      |
|   001E   |  FFFF  |        |                      | FFFF                 | D      |
|   001F   |  FFFF  |        |                      | FFFF                 | D      |
|   0020   |  FFFF  |        |                      | FFFF                 | D      |
|   0021   |  FFFF  |        |                      | FFFF                 | D      |
|   0022   |  FFFF  |        |                      | FFFF                 | D      |
|   0023   |  FFFF  |        |                      | FFFF                 | D      |
|   0024   |  FFFF  |        |                      | FFFF                 | D      |
|   0025   |  FFFF  |        |                      | FFFF                 | D      |
|   0026   |  FFFF  |        |                      | FFFF                 | D      |
|   0027   |  FFFF  |        |                      | FFFF                 | D      |
|   0028   |  3014  |    19  |                debut | ldr r3, [stack_base] | I      |
|   0029   |  1008  |    20  |                      | ldr r1, [nombre1]    | I      |
|   002A   |  200B  |    21  |                      | ldr r2, [mult]       | I      |
|   002B   |  A60A  |    22  |                      | call multiplication  | I      |
|   002C   |  500C  |    23  |                      | str [resultat1], r0  | I      |
|   002D   |  1009  |    25  |                      | ldr r1, [nombre2]    | I      |
|   002E   |  200B  |    26  |                      | ldr r2, [mult]       | I      |
|   002F   |  A606  |    27  |                      | call multiplication  | I      |
|   0030   |  500D  |    28  |                      | str [resultat2], r0  | I      |
|   0031   |  100A  |    30  |                      | ldr r1, [nombre3]    | I      |
|   0032   |  200B  |    31  |                      | ldr r2, [mult]       | I      |
|   0033   |  A602  |    32  |                      | call multiplication  | I      |
|   0034   |  500E  |    33  |                      | str [resultat3], r0  | I      |
|   0035   |  FEAC  |    35  |                      | hlt                  | I      |
|   0036   |  C254  |    37  |       multiplication | push r4              | I      |
|   0037   |  B000  |    38  |                      | ldr r0, 0            | I      |
|   0038   |  E010  |    39  |               boucle | add r0, r1r0         | I      |
|   0039   |  FE22  |    40  |                      | dec r2               | I      |
|   003A   |  ACFD  |    41  |                      | jnz boucle           | I      |
|   003B   |  C054  |    42  |                      | pop r4               | I      |
|   003C   |  C057  |    43  |                      | ret                  | I      |
-------------------------------------------------------------------------------------

Table des Etiquettes :
----------------------
nombre1              --> 0x0008
nombre2              --> 0x0009
nombre3              --> 0x000A
mult                 --> 0x000B
resultat1            --> 0x000C
resultat2            --> 0x000D
resultat3            --> 0x000E
stack_base           --> 0x0014
debut                --> 0x0028
multiplication       --> 0x0036
boucle               --> 0x0038

Table des Symboles :
--------------------
val_debut            --> 0

Informations de creation issues de la compilation :
----------------------------------------------------
IP_Address                 :10.1.105.162
Host_Name                  :Majdikali
TAG_UID pour fichier 'asm' :7428d12d546f182ef42c0edaff5aa3fc3c99c22eb3c74fe4aadb352576480370--date :Mon, 23 Sep 2024 00:18:53.5675294--taille :1303
TAG_UID pour fichier 'sim' :9142cceda739390fb198a383a155e406bd0353061e4106eae5840d0dc36a09a8--date :Mon, 23 Sep 2024 00:18:59.9116268--taille :304
TAG_UID pour fichier 'lst' :5df20e237481196fae4d9bd42dd45fe828792ba0869022fbb606de65ef9d6b0a--date :Mon, 23 Sep 2024 00:18:59.9116268--taille :6157
----------------------------------------------------
