
Fichier 'LST' issue du fichier 'ASM' : 
/home/majdikali/Desktop/ENAC/SITA23/SITA23/SPP/td2_2.asm

-------------------------------------------------------------------------------------
| Adresse  |  Code  |  Ligne |       Label          |     Instruction      |  Type  |
-------------------------------------------------------------------------------------
|   0000   |  A211  |     3  |                      | jmp debut            | I      |
|   0001   |  FFFF  |        |                      | FFFF                 | D      |
|   0002   |  FFFF  |        |                      | FFFF                 | D      |
|   0003   |  FFFF  |        |                      | FFFF                 | D      |
|   0004   |  FFFF  |        |                      | FFFF                 | D      |
|   0005   |  FFFF  |        |                      | FFFF                 | D      |
|   0006   |  FFFF  |        |                      | FFFF                 | D      |
|   0007   |  FFFF  |        |                      | FFFF                 | D      |
|   0008   |  0001  |        |              nombre1 | 0001                 | D      |
|   0009   |  0002  |        |              nombre2 | 0002                 | D      |
|   000A   |  0003  |        |              nombre3 | 0003                 | D      |
|   000B   |  0004  |        |                 mult | 0004                 | D      |
|   000C   |  FFFF  |        |            resultat1 | FFFF                 | D      |
|   000D   |  FFFF  |        |            resultat2 | FFFF                 | D      |
|   000E   |  FFFF  |        |            resultat3 | FFFF                 | D      |
|   000F   |  FFFF  |        |                      | FFFF                 | D      |
|   0010   |  FFFF  |        |                      | FFFF                 | D      |
|   0011   |  FFFF  |        |                      | FFFF                 | D      |
|   0012   |  3012  |    18  |           stack_base | ldr r3, [stack_base] | I      |
|   0013   |  1008  |    19  |                      | ldr r1, [nombre1]    | I      |
|   0014   |  200B  |    20  |                      | ldr r2, [mult]       | I      |
|   0015   |  A60A  |    21  |                      | call multiplication  | I      |
|   0016   |  500C  |    22  |                      | str [resultat1], r0  | I      |
|   0017   |  1009  |    24  |                      | ldr r1, [nombre2]    | I      |
|   0018   |  200B  |    25  |                      | ldr r2, [mult]       | I      |
|   0019   |  A606  |    26  |                      | call multiplication  | I      |
|   001A   |  500D  |    27  |                      | str [resultat2], r0  | I      |
|   001B   |  100A  |    29  |                      | ldr r1, [nombre3]    | I      |
|   001C   |  200B  |    30  |                      | ldr r2, [mult]       | I      |
|   001D   |  A602  |    31  |                      | call multiplication  | I      |
|   001E   |  500E  |    32  |                      | str [resultat3], r0  | I      |
|   001F   |  FEAC  |    34  |                      | hlt                  | I      |
|   0020   |  C254  |    36  |       multiplication | push r4              | I      |
|   0021   |  B000  |    37  |                      | ldr r0, 0            | I      |
|   0022   |  E010  |    38  |               boucle | add r0, r1r0         | I      |
|   0023   |  FE22  |    39  |                      | dec r2               | I      |
|   0024   |  ACFD  |    40  |                      | jnz boucle           | I      |
|   0025   |  C054  |    41  |                      | pop r4               | I      |
|   0026   |  C057  |    42  |                      | ret                  | I      |
-------------------------------------------------------------------------------------

Table des Etiquettes :
----------------------
nombre1              --> 0x0008
nombre2              --> 0x0009
nombre3              --> 0x000A
mult                 --> 0x000B
resultat1            --> 0x000C
resultat2            --> 0x000D
resultat3            --> 0x000E
stack_base           --> 0x0012
debut                --> 0x0012
multiplication       --> 0x0020
boucle               --> 0x0022

Table des Symboles :
--------------------
val_debut            --> 0

Informations de creation issues de la compilation :
----------------------------------------------------
IP_Address                 :10.1.105.162
Host_Name                  :Majdikali
TAG_UID pour fichier 'asm' :0c2e293cdcff95c1b3c6ae608163eb0aeb7525d395a3e2ee7ca203fbc7e00a43--date :Mon, 23 Sep 2024 00:24:36.6567926--taille :1219
TAG_UID pour fichier 'sim' :d2d8a0516824ba52df23b98b3a88bbeaca9dcc94ab7009c41fef2a9124f7c014--date :Mon, 23 Sep 2024 00:24:40.788856--taille :194
TAG_UID pour fichier 'lst' :9deeb79c4c2252b6932e89c56c4edc0c0db7df7b147c4720ff1b31a5d8f63673--date :Mon, 23 Sep 2024 00:24:40.788856--taille :4265
----------------------------------------------------
