
Fichier 'LST' issue du fichier 'ASM' : 
/home/majdikali/Desktop/ENAC/SITA23/SITA23/SPP/td5.asm

-------------------------------------------------------------------------------------
| Adresse  |  Code  |  Ligne |       Label          |     Instruction      |  Type  |
-------------------------------------------------------------------------------------
|   0000   |  A272  |    17  |                      | jmp init             | I      |
|   0001   |  FFFF  |        |        vecteur_int_0 | FFFF                 | D      |
|   0002   |  FFFF  |        |        vecteur_int_1 | FFFF                 | D      |
|   0003   |  FFFF  |        |        vecteur_int_2 | FFFF                 | D      |
|   0004   |  FFFF  |        |                      | FFFF                 | D      |
|   0005   |  FFFF  |        |                      | FFFF                 | D      |
|   0006   |  FFFF  |        |                      | FFFF                 | D      |
|   0007   |  FFFF  |        |                      | FFFF                 | D      |
|   0008   |  FFFF  |        |                      | FFFF                 | D      |
|   0009   |  FFFF  |        |                      | FFFF                 | D      |
|   000A   |  003F  |        |                 tseg | 003F                 | D      |
|   000B   |  0006  |        |                      | 0006                 | D      |
|   000C   |  005B  |        |                      | 005B                 | D      |
|   000D   |  004F  |        |                      | 004F                 | D      |
|   000E   |  0066  |        |                      | 0066                 | D      |
|   000F   |  006D  |        |                      | 006D                 | D      |
|   0010   |  007D  |        |                      | 007D                 | D      |
|   0011   |  0007  |        |                      | 0007                 | D      |
|   0012   |  007F  |        |                      | 007F                 | D      |
|   0013   |  006F  |        |                      | 006F                 | D      |
|   0014   |  FFFF  |        |             barriere | FFFF                 | D      |
|   0015   |  FFFF  |        |                  led | FFFF                 | D      |
|   0016   |  FFFF  |        |            direction | FFFF                 | D      |
|   0017   |  FFFF  |        |                      | FFFF                 | D      |
|   0018   |  FFFF  |        |                      | FFFF                 | D      |
|   0019   |  FFFF  |        |                      | FFFF                 | D      |
|   001A   |  FFFF  |        |                      | FFFF                 | D      |
|   001B   |  FFFF  |        |                      | FFFF                 | D      |
|   001C   |  FFFF  |        |                      | FFFF                 | D      |
|   001D   |  FFFF  |        |                      | FFFF                 | D      |
|   001E   |  FFFF  |        |                      | FFFF                 | D      |
|   001F   |  FFFF  |        |                      | FFFF                 | D      |
|   0020   |  FFFF  |        |                      | FFFF                 | D      |
|   0021   |  FFFF  |        |                      | FFFF                 | D      |
|   0022   |  FFFF  |        |                      | FFFF                 | D      |
|   0023   |  FFFF  |        |                      | FFFF                 | D      |
|   0024   |  FFFF  |        |                      | FFFF                 | D      |
|   0025   |  FFFF  |        |                      | FFFF                 | D      |
|   0026   |  FFFF  |        |                      | FFFF                 | D      |
|   0027   |  FFFF  |        |                      | FFFF                 | D      |
|   0028   |  FFFF  |        |                      | FFFF                 | D      |
|   0029   |  FFFF  |        |                      | FFFF                 | D      |
|   002A   |  FFFF  |        |                      | FFFF                 | D      |
|   002B   |  FFFF  |        |                      | FFFF                 | D      |
|   002C   |  FFFF  |        |                      | FFFF                 | D      |
|   002D   |  FFFF  |        |                      | FFFF                 | D      |
|   002E   |  FFFF  |        |                      | FFFF                 | D      |
|   002F   |  FFFF  |        |                      | FFFF                 | D      |
|   0030   |  FFFF  |        |                      | FFFF                 | D      |
|   0031   |  FFFF  |        |                      | FFFF                 | D      |
|   0032   |  FFFF  |        |                 pile | FFFF                 | D      |
|   0033   |  FFFF  |        |                      | FFFF                 | D      |
|   0034   |  FFFF  |        |                      | FFFF                 | D      |
|   0035   |  FFFF  |        |                      | FFFF                 | D      |
|   0036   |  FFFF  |        |                      | FFFF                 | D      |
|   0037   |  FFFF  |        |                      | FFFF                 | D      |
|   0038   |  FFFF  |        |                      | FFFF                 | D      |
|   0039   |  FFFF  |        |                      | FFFF                 | D      |
|   003A   |  FFFF  |        |                      | FFFF                 | D      |
|   003B   |  FFFF  |        |                      | FFFF                 | D      |
|   003C   |  FFFF  |        |                      | FFFF                 | D      |
|   003D   |  FFFF  |        |                      | FFFF                 | D      |
|   003E   |  FFFF  |        |                      | FFFF                 | D      |
|   003F   |  FFFF  |        |                      | FFFF                 | D      |
|   0040   |  FFFF  |        |                      | FFFF                 | D      |
|   0041   |  FFFF  |        |                      | FFFF                 | D      |
|   0042   |  FFFF  |        |                      | FFFF                 | D      |
|   0043   |  FFFF  |        |                      | FFFF                 | D      |
|   0044   |  FFFF  |        |                      | FFFF                 | D      |
|   0045   |  FFFF  |        |            base_pile | FFFF                 | D      |
|   0046   |  FFFF  |        |                      | FFFF                 | D      |
|   0047   |  FFFF  |        |                      | FFFF                 | D      |
|   0048   |  C250  |    41  |           int_manuel | push r0              | I      |
|   0049   |  C251  |    42  |                      | push r1              | I      |
|   004A   |  0016  |    43  |                      | ldr r0, [direction]  | I      |
|   004B   |  FE00  |    44  |                      | not r0               | I      |
|   004C   |  D010  |    45  |                      | ldr r1, r0           | I      |
|   004D   |  B001  |    46  |                      | ldr r0, 1            | I      |
|   004E   |  F001  |    47  |                      | and r0, r0r1         | I      |
|   004F   |  5016  |    48  |                      | str [direction], r0  | I      |
|   0050   |  B000  |    49  |                      | ldr r0, 0            | I      |
|   0051   |  5FF9  |    50  |                      | str [PICU_EOI], r0   | I      |
|   0052   |  C051  |    51  |                      | pop r1               | I      |
|   0053   |  C050  |    52  |                      | pop r0               | I      |
|   0054   |  C157  |    53  |                      | iret                 | I      |
|   0055   |  C250  |    56  |        int_minuterie | push r0              | I      |
|   0056   |  C251  |    57  |                      | push r1              | I      |
|   0057   |  C252  |    58  |                      | push r2              | I      |
|   0058   |  C255  |    59  |                      | push fl              | I      |
|   0059   |  1016  |    60  |                      | ldr r1, [direction]  | I      |
|   005A   |  B001  |    61  |                      | ldr r0, 1            | I      |
|   005B   |  E501  |    62  |                      | sub r0, r0r1         | I      |
|   005C   |  0014  |    63  |                      | ldr r0, [barriere]   | I      |
|   005D   |  D020  |    64  |                      | ldr r2, r0           | I      |
|   005E   |  D010  |    65  |                      | ldr r1, r0           | I      |
|   005F   |  B100  |    66  |                      | ldr r0, 0x100        | I      |
|   0060   |  F110  |    67  |                      | and r1, r1r0         | I      |
|   0061   |  FE12  |    68  |                      | inc r2               | I      |
|   0062   |  B0FF  |    69  |                      | ldr r0, 0xff         | I      |
|   0063   |  F220  |    70  |                      | and r2, r2r0         | I      |
|   0064   |  C250  |    73  |          int_clavier | push r0              | I      |
|   0065   |  C251  |    74  |                      | push r1              | I      |
|   0066   |  C255  |    75  |                      | push fl              | I      |
|   0067   |  0FF4  |    76  |                      | ldr r0, [SERIAL_RXTX] | I      |
|   0068   |  D010  |    77  |                      | ldr r1, r0           | I      |
|   0069   |  B053  |    78  |                      | ldr r0, 0x53         | I      |
|   006A   |  E501  |    79  |                      | sub r0, r0r1         | I      |
|   006B   |  AD01  |    80  |                      | jnz pas_ok           | I      |
|   006C   |  FEAC  |    81  |                      | hlt                  | I      |
|   006D   |  B000  |    83  |               pas_ok | ldr r0, 0            | I      |
|   006E   |  5FF9  |    84  |                      | str [PICU_EOI], r0   | I      |
|   006F   |  C055  |    85  |                      | pop fl               | I      |
|   0070   |  C051  |    86  |                      | pop r1               | I      |
|   0071   |  C050  |    87  |                      | pop r0               | I      |
|   0072   |  C157  |    88  |                      | iret                 | I      |
|   0073   |  B000  |    91  |                 init | ldr r0, 0            | I      |
|   0074   |  D050  |    92  |                      | ldr fl, r0           | I      |
|   0075   |  B045  |    93  |                      | ldr r0, base_pile    | I      |
|   0076   |  D060  |    94  |                      | ldr sp, r0           | I      |
|   0077   |  B007  |    95  |                      | ldr r0, 7            | I      |
|   0078   |  5FF5  |    96  |                      | str [SERIAL_MODE], r0 | I      |
|   0079   |  B064  |    97  |                      | ldr r0, int_clavier  | I      |
|   007A   |  5001  |    98  |                      | str [vecteur_int_0], r0 | I      |
|   007B   |  B048  |    99  |                      | ldr r0, int_manuel   | I      |
|   007C   |  5002  |   100  |                      | str [vecteur_int_1], r0 | I      |
|   007D   |  B055  |   101  |                      | ldr r0, int_minuterie | I      |
|   007E   |  5003  |   102  |                      | str [vecteur_int_2], r0 | I      |
|   007F   |  B003  |   103  |                      | ldr r0, PP_MODE_VAL  | I      |
|   0080   |  5FF3  |   104  |                      | str [PP_MODE], r0    | I      |
|   0081   |  B000  |   105  |                      | ldr r0, MASQUE       | I      |
|   0082   |  5FF8  |   106  |                      | str [PICU_MASK], r0  | I      |
|   0083   |  B001  |   107  |                      | ldr r0, 1            | I      |
|   0084   |  5016  |   108  |                      | str [direction], r0  | I      |
|   0085   |  B005  |   109  |                      | ldr r0, 5            | I      |
|   0086   |  5014  |   110  |                      | str [barriere], r0   | I      |
|   0087   |  B055  |   111  |                      | ldr r0, 0x55         | I      |
|   0088   |  5015  |   112  |                      | str [led], r0        | I      |
|   0089   |  B002  |   113  |                      | ldr r0, 2            | I      |
|   008A   |  5FF6  |   114  |                      | str [TIMER_MODE], r0 | I      |
|   008B   |  B05F  |   115  |                      | ldr r0, 0x05F        | I      |
|   008C   |  5FF7  |   116  |                      | str [TIMER_BUFF], r0 | I      |
|   008D   |  B001  |   117  |                      | ldr r0, 1            | I      |
|   008E   |  D050  |   118  |                      | ldr fl, r0           | I      |
|   008F   |  0FF0  |   119  |                      | ldr r0, [PP_PORT_A]  | I      |
|   0090   |  5014  |   120  |                      | str [barriere], r0   | I      |
|   0091   |  B00A  |   121  |                      | ldr r0,tseg          | I      |
|   0092   |  D010  |   122  |                      | ldr r1,r0            | I      |
|   0093   |  B009  |   123  |                      | ldr r0,9             | I      |
|   0094   |  E410  |   124  |                      | add r4,r1r0          | I      |
|   0095   |  C042  |   125  |                      | ldr r2,[r4]          | I      |
|   0096   |  7FF2  |   126  |                      | str [PP_PORT_C],r2   | I      |
|   0097   |  B0FF  |   128  |                      | ldr r0, 255          | I      |
|   0098   |  5FF0  |   129  |                      | str [PP_PORT_A], r0  | I      |
|   0099   |  0014  |   131  |               boucle | ldr r0, [barriere]   | I      |
|   009A   |  5FF1  |   132  |                      | str [PP_PORT_B], r0  | I      |
|   009B   |  A1FD  |   133  |                      | jmp boucle           | I      |
|   009C   |  FEAC  |   134  |                      | hlt                  | I      |
-------------------------------------------------------------------------------------

Table des Etiquettes :
----------------------
vecteur_int_0        --> 0x0001
vecteur_int_1        --> 0x0002
vecteur_int_2        --> 0x0003
tseg                 --> 0x000A
barriere             --> 0x0014
led                  --> 0x0015
direction            --> 0x0016
pile                 --> 0x0032
base_pile            --> 0x0045
int_manuel           --> 0x0048
int_minuterie        --> 0x0055
int_clavier          --> 0x0064
pas_ok               --> 0x006D
init                 --> 0x0073
boucle               --> 0x0099

Table des Symboles :
--------------------
PICU_MASK            --> 0xFF8
PICU_EOI             --> 0xFF9
PP_MODE              --> 0xFF3
PP_PORT_A            --> 0xFF0
PP_PORT_B            --> 0xFF1
PP_PORT_C            --> 0xFF2
MASQUE               --> 0x00
PP_MODE_VAL          --> 3
TIMER_MODE           --> 0xFF6
TIMER_BUFF           --> 0xFF7
SERIAL_MODE          --> 0xFF5
SERIAL_RXTX          --> 0xFF4

Informations de creation issues de la compilation :
----------------------------------------------------
IP_Address                 :10.1.122.210
Host_Name                  :Majdikali
TAG_UID pour fichier 'asm' :54969503e9641cf3ce4a6ea807c796a36c1cbecc86f4bdbcfe06b3aace59f802--date :Tue, 15 Oct 2024 14:14:36.7263348--taille :4132
TAG_UID pour fichier 'sim' :05277cab2fedcae9ec503505e9852f32ca39574324c0931370cff24b2fe06132--date :Tue, 15 Oct 2024 14:14:42.186409--taille :784
TAG_UID pour fichier 'lst' :157f980b912ae73715d04a42db8522ccd75d3496a8d9ae226ce0105f626e3afb--date :Tue, 15 Oct 2024 14:14:42.186409--taille :14891
----------------------------------------------------
